'CommutatorTheorem.fillmore' depends on axioms: [propext, Classical.choice, Quot.sound]
'CommutatorTheorem.zeroDiag_commutator_bound_diagonal' depends on axioms: [propext, Classical.choice, Quot.sound]
'CommutatorTheorem.zeroDiag_commutator_bound' depends on axioms: [propext, Classical.choice, Quot.sound]
'CommutatorTheorem.theorem_3i' depends on axioms: [propext, Classical.choice, Quot.sound]
'CommutatorTheorem.main_commutator_theorem' depends on axioms: [propext, Classical.choice, Quot.sound]
'CommutatorTheorem.main_commutator_theorem_normal' depends on axioms: [propext, Classical.choice, Quot.sound]
'CommutatorTheorem.bourgain_tzafriri_iterated' depends on axioms: [propext, Classical.choice, Quot.sound]
'CommutatorTheorem.BTRSAnalyticCoreAssembly.bourgainTzafriri_of_rsBaseDeletion' depends on axioms: [propext,
 Classical.choice,
 Quot.sound]
'CommutatorTheorem.BTRSClosedAssembly.exactMDPRealRootedness' depends on axioms: [propext, Classical.choice, Quot.sound]
'CommutatorTheorem.BTRSClosedAssembly.bourgainTzafriri_of_rootMotion' depends on axioms: [propext,
 Classical.choice,
 Quot.sound]
'CommutatorTheorem.bourgain_tzafriri_central_submatrix' depends on axioms: [propext, Classical.choice, Quot.sound]
'NoEpsilon.lowerShear_mul_inverse' depends on axioms: [propext, Classical.choice, Quot.sound]
'NoEpsilon.identityCorner_shear' depends on axioms: [propext, Classical.choice, Quot.sound]
'NoEpsilon.companion_commutator_of_riccati' depends on axioms: [propext, Classical.choice, Quot.sound]
'NoEpsilon.identityCorner_eq_commutator_of_fixedPoint' depends on axioms: [propext, Classical.choice, Quot.sound]
'NoEpsilon.Shear.two_step_elimination' depends on axioms: [propext, Classical.choice, Quot.sound]
'NoEpsilon.Shear.two_step_elimination_with_remainder' depends on axioms: [propext, Classical.choice, Quot.sound]
'NoEpsilon.Shear.conjugate_entry_of_zero_row_column' depends on axioms: [propext, Classical.choice, Quot.sound]
'NoEpsilon.norm_quadratic_le' depends on axioms: [propext, Classical.choice, Quot.sound]
'NoEpsilon.norm_quadratic_sub_le' depends on axioms: [propext, Classical.choice, Quot.sound]
'NoEpsilon.exists_riccati_fixedPoint' depends on axioms: [propext, Classical.choice, Quot.sound]
'NoEpsilon.exists_riccati_fixedPoint_large_scale' depends on axioms: [propext, Classical.choice, Quot.sound]
'NoEpsilon.exists_riccati_fixedPoint_explicit' depends on axioms: [propext, Classical.choice, Quot.sound]
'NoEpsilon.exists_identityCorner_commutator' depends on axioms: [propext, Classical.choice, Quot.sound]
'NoEpsilon.norm_ringCommutator_le' depends on axioms: [propext, Classical.choice, Quot.sound]
'NoEpsilon.norm_conjugation_product_le' depends on axioms: [propext, Classical.choice, Quot.sound]
'NoEpsilon.norm_fromBlocks_le' depends on axioms: [propext, Classical.choice, Quot.sound]
'NoEpsilon.norm_lowerShear_le' depends on axioms: [propext, Classical.choice, Quot.sound]
'NoEpsilon.norm_lowerShearInverse_le' depends on axioms: [propext, Classical.choice, Quot.sound]
'NoEpsilon.norm_riccatiConstant_le' depends on axioms: [propext, Classical.choice, Quot.sound]
'NoEpsilon.norm_identityCorner_factors_le' depends on axioms: [propext, Classical.choice, Quot.sound]
'NoEpsilon.exists_identityCorner_commutator_bounded' depends on axioms: [propext, Classical.choice, Quot.sound]
'NoEpsilon.exists_hermitian_split' depends on axioms: [propext, Classical.choice, Quot.sound]
'NoEpsilon.exists_zero_sum_real_ordering' depends on axioms: [propext, Classical.choice, Quot.sound]
'NoEpsilon.diagonal_difference_is_bounded_commutator' depends on axioms: [propext, Classical.choice, Quot.sound]
'NoEpsilon.real_diagonal_bounded_commutator' depends on axioms: [propext, Classical.choice, Quot.sound]
'NoEpsilon.hermitianUnitaryCommutatorBound' depends on axioms: [propext, Classical.choice, Quot.sound]
'NoEpsilon.adaptiveTwoCommutatorBound' depends on axioms: [propext, Classical.choice, Quot.sound]
'NoEpsilon.identityCorner_bounded_from_trace' depends on axioms: [propext, Classical.choice, Quot.sound]
'NoEpsilon.identityCorner_bounded_from_whole_norm' depends on axioms: [propext, Classical.choice, Quot.sound]
'NoEpsilon.exists_scalar_add_lipschitz_solution' depends on axioms: [propext, Classical.choice, Quot.sound]
'NoEpsilon.exists_sylvester_solution_scalar_centers' depends on axioms: [propext, Classical.choice, Quot.sound]
'NoEpsilon.exists_assembly_centers' depends on axioms: [propext, Classical.choice, Quot.sound]
'NoEpsilon.submatrix_operator_norm_le' depends on axioms: [propext, Classical.choice, Quot.sound]
'NoEpsilon.BlockAssembly.norm_blockDiagonal_le' depends on axioms: [propext, Classical.choice, Quot.sound]
'NoEpsilon.BlockAssembly.norm_le_card_mul_block_bound' depends on axioms: [propext, Classical.choice, Quot.sound]
'NoEpsilon.BlockAssembly.normalize_factors' depends on axioms: [propext, Classical.choice, Quot.sound]
'NoEpsilon.BlockAssembly.assemble_normalized' depends on axioms: [propext, Classical.choice, Quot.sound]
'NoEpsilon.BlockAssembly.assemble_fixed_constants' depends on axioms: [propext, Classical.choice, Quot.sound]
'NoEpsilon.BlockAssembly.assemble_reindexed' depends on axioms: [propext, Classical.choice, Quot.sound]
'NoEpsilon.MSSSelection.paired_covariance' depends on axioms: [propext, Classical.choice, Quot.sound]
'NoEpsilon.MSSSelection.paired_covariance_deficit' depends on axioms: [propext, Classical.choice, Quot.sound]
'NoEpsilon.MSSSelection.paired_children_bound_of_outcome' depends on axioms: [propext, Classical.choice, Quot.sound]
'NoEpsilon.MSSSelection.paired_index_partition' depends on axioms: [propext, Classical.choice, Quot.sound]
'NoEpsilon.MSSSelection.paired_vectors_independent' depends on axioms: [propext, Classical.choice, Quot.sound]
'NoEpsilon.MSSSelection.paired_covariance_expectation' depends on axioms: [propext, Classical.choice, Quot.sound]
'NoEpsilon.MSSSelection.paired_energy_expectation_le' depends on axioms: [propext, Classical.choice, Quot.sound]
'NoEpsilon.exists_neutral_large_image_of_opposite_rayleigh' depends on axioms: [propext, Classical.choice, Quot.sound]
'NoEpsilon.exists_unit_neutral_large_image_of_numericalRange' depends on axioms: [propext, Classical.choice, Quot.sound]
'NoEpsilon.convex_unitNumericalRange' depends on axioms: [propext, Classical.choice, Quot.sound]
'NoEpsilon.closedBall_subset_unitNumericalRange_of_support' depends on axioms: [propext, Classical.choice, Quot.sound]
'NoEpsilon.highMass_compression_contains_disk_of_card' depends on axioms: [propext, Classical.choice, Quot.sound]
'NoEpsilon.highMass_range_has_large_neutral' depends on axioms: [propext, Classical.choice, Quot.sound]
'NoEpsilon.Steinitz.exists_complex_permutation' depends on axioms: [propext, Classical.choice, Quot.sound]
'NoEpsilon.MixedCharacteristic.det_add_vecMulVec' depends on axioms: [propext, Classical.choice, Quot.sound]
'NoEpsilon.MixedCharacteristic.weighted_rank_one_mixed_characteristic_step' depends on axioms: [propext,
 Classical.choice,
 Quot.sound]
'NoEpsilon.MSSStability.UpperStable.sub_pderiv' depends on axioms: [propext, Classical.choice, Quot.sound]
'NoEpsilon.MSSStability.psdPencil_fold_sub_pderiv_upperStable' depends on axioms: [propext,
 Classical.choice,
 Quot.sound]
'NoEpsilon.MSSStability.psdPencil_initial_logDerivative' depends on axioms: [propext, Classical.choice, Quot.sound]
'NoEpsilon.Absorption.eliminate_one' depends on axioms: [propext, Classical.choice, Quot.sound]
'NoEpsilon.Absorption.eliminate_finset' depends on axioms: [propext, Classical.choice, Quot.sound]
'NoEpsilon.Absorption.identity_corner_absorption' depends on axioms: [propext, Classical.choice, Quot.sound]
'NoEpsilon.BlockAssembly.assemble_any' depends on axioms: [propext, Classical.choice, Quot.sound]
'NoEpsilon.exists_bounded_fibers' depends on axioms: [propext, Classical.choice, Quot.sound]
'NoEpsilon.Absorption.diagonal_corner_absorption' depends on axioms: [propext, Classical.choice, Quot.sound]
'NoEpsilon.highMass_exists_neutral_frame' depends on axioms: [propext, Classical.choice, Quot.sound]
'NoEpsilon.highMass_bounded_commutator' depends on axioms: [propext, Classical.choice, Quot.sound]
'NoEpsilon.SteinitzGrouping.exists_trace_controlled_groups' depends on axioms: [propext, Classical.choice, Quot.sound]
'NoEpsilon.MSSBarrier.mixedBarrierDerivative_nonpos' depends on axioms: [propext, Classical.choice, Quot.sound]
'NoEpsilon.MSSBarrier.barrier_antitone_aboveRoots' depends on axioms: [propext, Classical.choice, Quot.sound]
'NoEpsilon.MSSBarrier.aboveRoots_sub_pderiv' depends on axioms: [propext, Classical.choice, Quot.sound]
'NoEpsilon.ThreeHermitian.exists_unit_common_neutral' depends on axioms: [propext, Classical.choice, Quot.sound]
'NoEpsilon.ThreeHermitian.exists_almost_hollow' depends on axioms: [propext, Classical.choice, Quot.sound]
'NoEpsilon.ThreeHermitian.exists_diagonal_control' depends on axioms: [propext, Classical.choice, Quot.sound]
'NoEpsilon.MSSPartialFractions.partial_fractions_of_natDegree_le' depends on axioms: [propext,
 Classical.choice,
 Quot.sound]
'CommutatorTheorem.NoEpsilon.uniform_bound_of_shrinking_split' depends on axioms: [propext,
 Classical.choice,
 Quot.sound]
'CommutatorTheorem.NoEpsilon.candidate_budget_closes' depends on axioms: [propext, Classical.choice, Quot.sound]
'CommutatorTheorem.NoEpsilon.candidate_global_constant' depends on axioms: [propext, Classical.choice, Quot.sound]
'NoEpsilon.MSSBarrierStep.quantitative_barrier_step' depends on axioms: [propext, Classical.choice, Quot.sound]
'NoEpsilon.MSSPencilBarrier.psdPencil_fold_eval_ne_zero' depends on axioms: [propext, Classical.choice, Quot.sound]
'NoEpsilon.MSSFinite.finite_mss' depends on axioms: [propext, Classical.choice, Quot.sound]
'NoEpsilon.MSSPadding.finite_mss_le' depends on axioms: [propext, Classical.choice, Quot.sound]
'NoEpsilon.MSSScaled.finite_mss_scaled' depends on axioms: [propext, Classical.choice, Quot.sound]
'NoEpsilon.LowMassPaving.pairedHalfSelection' depends on axioms: [propext, Classical.choice, Quot.sound]
'NoEpsilon.normalized_low_mass_paving' depends on axioms: [propext, Classical.choice, Quot.sound]
'NoEpsilon.low_mass_input' depends on axioms: [propext, Classical.choice, Quot.sound]
'NoEpsilon.GlobalAssembly.assemble_with_leftovers' depends on axioms: [propext, Classical.choice, Quot.sound]
'NoEpsilon.uniformCommutatorBound_of_lowMassPaving' depends on axioms: [propext, Classical.choice, Quot.sound]
'NoEpsilon.lowMassPavingInput_proved' depends on axioms: [propext, Classical.choice, Quot.sound]
'NoEpsilon.uniformCommutatorBound_iff_euclideanOperatorNorm' depends on axioms: [propext, Classical.choice, Quot.sound]
'NoEpsilon.uniformCommutatorBound' depends on axioms: [propext, Classical.choice, Quot.sound]
'NoEpsilon.uniformCommutatorBound_euclideanOperatorNorm' depends on axioms: [propext, Classical.choice, Quot.sound]
'NoEpsilon.Absorption.eliminate_simultaneously' depends on axioms: [propext, Classical.choice, Quot.sound]
'NoEpsilon.highMassNormBudget_fixed_le' depends on axioms: [propext, Classical.choice, Quot.sound]
'NoEpsilon.commutator_bound_two_pow_3200' depends on axioms: [propext, Classical.choice, Quot.sound]
'NoEpsilon.commutator_bound_two_pow_3200_euclideanOperatorNorm' depends on axioms: [propext,
 Classical.choice,
 Quot.sound]
